<para>
Here's an example that I use all the time.
</para>

<programlisting language="ruby"><![CDATA[
class DailyLogs
    private 
    @@Home_Dir = "c:/MyDocuments/Documents/"
    
  def doc_list
    docs = Array.new
    docs &lt;&lt; "Sisyphus Project Planner.xls"
    docs &lt;&lt; "TimeLog.xls"
    docs &lt;&lt; "NFR.xls"
  end

  def open_daily_logs
    excel = WIN32OLE.new("excel.application")
        
    workbooks = excel.WorkBooks
    excel.Visible = true
    doc_list.each do |f| 
      begin
        workbooks.Open(@@Home_Dir + f, true)
      rescue
        puts "Cannot open workbook:", @@Home_Dir + f
      end
    end
    excel.Windows.Arrange(7)
  end
end

]]></programlisting>

<para>
This rake file lists all the files that I need to open and all the applications required for the talk.
</para>
